() younes@worker:~/Documents/TRAINING/FastAPI/faraday_ac/learn_fastapi$ git checkout -b 2-api-setup
Switched to a new branch '2-api-setup'

() younes@worker:~/Documents/TRAINING/FastAPI/faraday_ac/learn_fastapi$ git status
On branch 2-api-setup
Changes not staged for commit:
  (use "git add <file>..." to update what will be committed)
  (use "git restore <file>..." to discard changes in working directory)
        modified:   main.py

Untracked files:
  (use "git add <file>..." to include in what will be committed)
        api/

no changes added to commit (use "git add" and/or "git commit -a")

() younes@worker:~/Documents/TRAINING/FastAPI/faraday_ac/learn_fastapi$ git add .

() younes@worker:~/Documents/TRAINING/FastAPI/faraday_ac/learn_fastapi$ git commit -m "creating routers for api endpoints and adding courses and sections to api"
[2-api-setup 3d1fa8d] creating routers for api endpoints and adding courses and sections to api
 4 files changed, 78 insertions(+), 26 deletions(-)
 create mode 100644 api/courses.py
 create mode 100644 api/sections.py
 create mode 100644 api/users.py

() younes@worker:~/Documents/TRAINING/FastAPI/faraday_ac/learn_fastapi$ git push -u origin 2-api-setup
Enumerating objects: 9, done.
Counting objects: 100% (9/9), done.
Delta compression using up to 12 threads
Compressing objects: 100% (7/7), done.
Writing objects: 100% (7/7), 1.17 KiB | 1.17 MiB/s, done.
Total 7 (delta 1), reused 0 (delta 0), pack-reused 0
remote: Resolving deltas: 100% (1/1), completed with 1 local object.
remote: 
remote: Create a pull request for '2-api-setup' on GitHub by visiting:
remote:      https://github.com/NyoYoAB/fastapi/pull/new/2-api-setup
remote: 
To github.com:NyoYoAB/fastapi.git
 * [new branch]      2-api-setup -> 2-api-setup
Branch '2-api-setup' set up to track remote branch '2-api-setup' from 'origin'.
